../Core/Src/algo_Huffman.c:16:6:arbre_Huffman	8	static
../Core/Src/algo_Huffman.c:31:5:occurence	24	static
../Core/Src/algo_Huffman.c:38:10:creerFeuille	32	static
../Core/Src/algo_Huffman.c:57:6:afficheArbre	80	static
../Core/Src/algo_Huffman.c:69:6:triArbre	40	static
../Core/Src/algo_Huffman.c:86:6:cree_racine	40	static
../Core/Src/algo_Huffman.c:110:6:parcourirArbre	16	static
../Core/Src/algo_Huffman.c:121:6:creerCode	24	static
../Core/Src/algo_Huffman.c:133:15:getAdress	24	static
../Core/Src/algo_Huffman.c:152:16:creeentete	32	static
../Core/Src/algo_Huffman.c:171:6:compression	40	static
